
> zx-web@0.1.0 build
> next build

   Γû▓ Next.js 15.5.9
   - Environments: .env

   Creating an optimized production build ...
node.exe : Failed to compile.
At line:1 char:1
+ & "C:\Program Files\nodejs/node.exe" 
"C:\Users\achum\AppData\Roaming\ ...
+ ~~~~~~~~~~~~~~~~~~~~~~~~~~~~~~~~~~~~~~~~~~~
~~~~~~~~~~~~~~~~~~~~~~~~~~
    + CategoryInfo          : NotSpecified: 
(F    ailed to compile.:String) [], 
RemoteExcept    ion
    + FullyQualifiedErrorId : 
NativeCommandErr    or
 

./src/lib/sendgrid.ts
Module not found: Can't resolve 
'@sendgrid/mail'

https://nextjs.org/docs/messages/module-not-f
ound

Import trace for requested module:
./src/app/api/admin/seminars/[id]/approve/rou
te.ts


> Build failed because of webpack errors
