
> zx-web@0.1.0 build
> next build

   Γû▓ Next.js 15.5.9
   - Environments: .env

   Creating an optimized production build ...
node.exe : Failed to compile.
At line:1 char:1
+ & "C:\Program Files\nodejs/node.exe" 
"C:\Users\achum\AppData\Roaming\ ...
+ ~~~~~~~~~~~~~~~~~~~~~~~~~~~~~~~~~~~~~~~~~~~
~~~~~~~~~~~~~~~~~~~~~~~~~~
    + CategoryInfo          : NotSpecified:  
   (Failed to compile.:String) [], RemoteEx  
  ception
    + FullyQualifiedErrorId : NativeCommandE 
   rror
 

./src/components/landing-v2/FooterV2.tsx
Error:   [31mx[0m Merge conflict marker 
encountered.
    ,-[[36;1;4mC:\Users\achum\OneDrive\Deskt
op\ZecurX Works\referral updates\zecurx-web\s
rc\components\landing-v2\FooterV2.tsx[0m:22:
1]
 [2m19[0m |                         >
 [2m20[0m |                             
<div className="relative w-8 h-8 
transition-transform group-hover:scale-110 
duration-300">
 [2m21[0m |                                
 <Image
 [2m22[0m | <<<<<<< HEAD
    : [35;1m^^^^^^^[0m
 [2m23[0m |                                
     src="https://zecurx-web.fsn1.your-object
storage.com/images/zecurx-logo.png"
 [2m24[0m | =======
 [2m24[0m |                                
     src={CDN_ASSETS.brand.logo}
    `----
  [31mx[0m Merge conflict marker 
encountered.
    ,-[[36;1;4mC:\Users\achum\OneDrive\Deskt
op\ZecurX Works\referral updates\zecurx-web\s
rc\components\landing-v2\FooterV2.tsx[0m:24:
1]
 [2m21[0m |                                
 <Image
 [2m22[0m | <<<<<<< HEAD
 [2m23[0m |                                
     src="https://zecurx-web.fsn1.your-object
storage.com/images/zecurx-logo.png"
 [2m24[0m | =======
    : [35;1m^^^^^^^[0m
 [2m25[0m |                                
     src={CDN_ASSETS.brand.logo}
 [2m26[0m | >>>>>>> 
51111f6bbf13a89112a629e3b99d5e8ed330bdff
 [2m26[0m |                                
     alt="ZecurX"
    `----
  [31mx[0m Merge conflict marker 
encountered.
    ,-[[36;1;4mC:\Users\achum\OneDrive\Deskt
op\ZecurX Works\referral updates\zecurx-web\s
rc\components\landing-v2\FooterV2.tsx[0m:26:
1]
 [2m23[0m |                                
     src="https://zecurx-web.fsn1.your-object
storage.com/images/zecurx-logo.png"
 [2m24[0m | =======
 [2m25[0m |                                
     src={CDN_ASSETS.brand.logo}
 [2m26[0m | >>>>>>> 
51111f6bbf13a89112a629e3b99d5e8ed330bdff
    : [35;1m^^^^^^^[0m
 [2m27[0m |                                
     alt="ZecurX"
 [2m28[0m |                                
     fill
 [2m28[0m |                                
     className="object-contain"
    `----

Caused by:
    Syntax Error

Import trace for requested module:
./src/components/landing-v2/FooterV2.tsx
./src/app/redesign/RedesignLandingClient.tsx

./src/components/landing-v2/NavBarV2.tsx
Error:   [31mx[0m Merge conflict marker 
encountered.
    ,-[[36;1;4mC:\Users\achum\OneDrive\Deskt
op\ZecurX Works\referral updates\zecurx-web\s
rc\components\landing-v2\NavBarV2.tsx[0m:44:
1]
 [2m41[0m |                     <Link 
href="/" className="flex items-center 
gap-2.5 group">
 [2m42[0m |                         <div 
className="relative w-7 h-7 
transition-transform group-hover:scale-110 
duration-300">
 [2m43[0m |                             
<Image
 [2m44[0m | <<<<<<< HEAD
    : [35;1m^^^^^^^[0m
 [2m45[0m |                                
 src="https://zecurx-web.fsn1.your-objectstor
age.com/images/zecurx-logo.png"
 [2m46[0m | =======
 [2m46[0m |                                
 src={CDN_ASSETS.brand.logo}
    `----
  [31mx[0m Merge conflict marker 
encountered.
    ,-[[36;1;4mC:\Users\achum\OneDrive\Deskt
op\ZecurX Works\referral updates\zecurx-web\s
rc\components\landing-v2\NavBarV2.tsx[0m:46:
1]
 [2m43[0m |                             
<Image
 [2m44[0m | <<<<<<< HEAD
 [2m45[0m |                                
 src="https://zecurx-web.fsn1.your-objectstor
age.com/images/zecurx-logo.png"
 [2m46[0m | =======
    : [35;1m^^^^^^^[0m
 [2m47[0m |                                
 src={CDN_ASSETS.brand.logo}
 [2m48[0m | >>>>>>> 
51111f6bbf13a89112a629e3b99d5e8ed330bdff
 [2m48[0m |                                
 alt="ZecurX"
    `----
  [31mx[0m Merge conflict marker 
encountered.
    ,-[[36;1;4mC:\Users\achum\OneDrive\Deskt
op\ZecurX Works\referral updates\zecurx-web\s
rc\components\landing-v2\NavBarV2.tsx[0m:48:
1]
 [2m45[0m |                                
 src="https://zecurx-web.fsn1.your-objectstor
age.com/images/zecurx-logo.png"
 [2m46[0m | =======
 [2m47[0m |                                
 src={CDN_ASSETS.brand.logo}
 [2m48[0m | >>>>>>> 
51111f6bbf13a89112a629e3b99d5e8ed330bdff
    : [35;1m^^^^^^^[0m
 [2m49[0m |                                
 alt="ZecurX"
 [2m50[0m |                                
 fill
 [2m50[0m |                                
 className="object-contain"
    `----

Caused by:
    Syntax Error

Import trace for requested module:
./src/components/landing-v2/NavBarV2.tsx
./src/app/redesign/RedesignLandingClient.tsx

./src/components/landing/CreativeNavBar.tsx
Error:   [31mx[0m Merge conflict marker 
encountered.
     ,-[[36;1;4mC:\Users\achum\OneDrive\Desk
top\ZecurX Works\referral updates\zecurx-web\
src\components\landing\CreativeNavBar.tsx[0m
:103:1]
 [2m100[0m |                               
  transition={{ type: "spring", stiffness: 
400, damping: 17 }}
 [2m101[0m |                             >
 [2m102[0m |                               
  <Image
 [2m103[0m | <<<<<<< HEAD
     : [35;1m^^^^^^^[0m
 [2m104[0m |                               
      src="https://zecurx-web.fsn1.your-objec
tstorage.com/images/zecurx-logo.png"
 [2m105[0m | =======
 [2m105[0m |                               
      src={CDN_ASSETS.brand.logo}
     `----
  [31mx[0m Merge conflict marker 
encountered.
     ,-[[36;1;4mC:\Users\achum\OneDrive\Desk
top\ZecurX Works\referral updates\zecurx-web\
src\components\landing\CreativeNavBar.tsx[0m
:105:1]
 [2m102[0m |                               
  <Image
 [2m103[0m | <<<<<<< HEAD
 [2m104[0m |                               
      src="https://zecurx-web.fsn1.your-objec
tstorage.com/images/zecurx-logo.png"
 [2m105[0m | =======
     : [35;1m^^^^^^^[0m
 [2m106[0m |                               
      src={CDN_ASSETS.brand.logo}
 [2m107[0m | >>>>>>> 
51111f6bbf13a89112a629e3b99d5e8ed330bdff
 [2m107[0m |                               
      alt="ZecurX"
     `----
  [31mx[0m Merge conflict marker 
encountered.
     ,-[[36;1;4mC:\Users\achum\OneDrive\Desk
top\ZecurX Works\referral updates\zecurx-web\
src\components\landing\CreativeNavBar.tsx[0m
:107:1]
 [2m104[0m |                               
      src="https://zecurx-web.fsn1.your-objec
tstorage.com/images/zecurx-logo.png"
 [2m105[0m | =======
 [2m106[0m |                               
      src={CDN_ASSETS.brand.logo}
 [2m107[0m | >>>>>>> 
51111f6bbf13a89112a629e3b99d5e8ed330bdff
     : [35;1m^^^^^^^[0m
 [2m108[0m |                               
      alt="ZecurX"
 [2m109[0m |                               
      fill
 [2m109[0m |                               
      className="object-contain"
     `----
  [31mx[0m Merge conflict marker 
encountered.
     ,-[[36;1;4mC:\Users\achum\OneDrive\Desk
top\ZecurX Works\referral updates\zecurx-web\
src\components\landing\CreativeNavBar.tsx[0m
:324:1]
 [2m321[0m |                               
  <Link href="/" className="flex 
items-center gap-2" onClick={() => 
setMobileMenuOpen(false)}>
 [2m322[0m |                               
      <div className="relative w-8 h-8">
 [2m323[0m |                               
          <Image
 [2m324[0m | <<<<<<< HEAD
     : [35;1m^^^^^^^[0m
 [2m325[0m |                               
              src="https://zecurx-web.fsn1.yo
ur-objectstorage.com/images/zecurx-logo.png"
 [2m326[0m | =======
 [2m326[0m |                               
              src={CDN_ASSETS.brand.logo}
     `----
  [31mx[0m Merge conflict marker 
encountered.
     ,-[[36;1;4mC:\Users\achum\OneDrive\Desk
top\ZecurX Works\referral updates\zecurx-web\
src\components\landing\CreativeNavBar.tsx[0m
:326:1]
 [2m323[0m |                               
          <Image
 [2m324[0m | <<<<<<< HEAD
 [2m325[0m |                               
              src="https://zecurx-web.fsn1.yo
ur-objectstorage.com/images/zecurx-logo.png"
 [2m326[0m | =======
     : [35;1m^^^^^^^[0m
 [2m327[0m |                               
              src={CDN_ASSETS.brand.logo}
 [2m328[0m | >>>>>>> 
51111f6bbf13a89112a629e3b99d5e8ed330bdff
 [2m328[0m |                               
              alt="ZecurX"
     `----
  [31mx[0m Merge conflict marker 
encountered.
     ,-[[36;1;4mC:\Users\achum\OneDrive\Desk
top\ZecurX Works\referral updates\zecurx-web\
src\components\landing\CreativeNavBar.tsx[0m
:328:1]
 [2m325[0m |                               
              src="https://zecurx-web.fsn1.yo
ur-objectstorage.com/images/zecurx-logo.png"
 [2m326[0m | =======
 [2m327[0m |                               
              src={CDN_ASSETS.brand.logo}
 [2m328[0m | >>>>>>> 
51111f6bbf13a89112a629e3b99d5e8ed330bdff
     : [35;1m^^^^^^^[0m
 [2m329[0m |                               
              alt="ZecurX"
 [2m330[0m |                               
              fill
 [2m330[0m |                               
              className="object-contain"
     `----

Caused by:
    Syntax Error

Import trace for requested module:
./src/components/landing/CreativeNavBar.tsx
./src/app/book-demo/BookDemoClient.tsx

./src/components/landing/Footer.tsx
Error:   [31mx[0m Merge conflict marker 
encountered.
    ,-[[36;1;4mC:\Users\achum\OneDrive\Deskt
op\ZecurX Works\referral updates\zecurx-web\s
rc\components\landing\Footer.tsx[0m:22:1]
 [2m19[0m |                         <Link 
href="/" className="flex items-center gap-3 
group" aria-label="ZecurX Home">
 [2m20[0m |                             
<div className="relative w-10 h-10 
transition-transform group-hover:scale-110 
duration-300">
 [2m21[0m |                                
 <Image
 [2m22[0m | <<<<<<< HEAD
    : [35;1m^^^^^^^[0m
 [2m23[0m |                                
     src="https://zecurx-web.fsn1.your-object
storage.com/images/zecurx-logo.png"
 [2m24[0m | =======
 [2m24[0m |                                
     src={CDN_ASSETS.brand.logo}
    `----
  [31mx[0m Merge conflict marker 
encountered.
    ,-[[36;1;4mC:\Users\achum\OneDrive\Deskt
op\ZecurX Works\referral updates\zecurx-web\s
rc\components\landing\Footer.tsx[0m:24:1]
 [2m21[0m |                                
 <Image
 [2m22[0m | <<<<<<< HEAD
 [2m23[0m |                                
     src="https://zecurx-web.fsn1.your-object
storage.com/images/zecurx-logo.png"
 [2m24[0m | =======
    : [35;1m^^^^^^^[0m
 [2m25[0m |                                
     src={CDN_ASSETS.brand.logo}
 [2m26[0m | >>>>>>> 
51111f6bbf13a89112a629e3b99d5e8ed330bdff
 [2m26[0m |                                
     alt="ZecurX"
    `----
  [31mx[0m Merge conflict marker 
encountered.
    ,-[[36;1;4mC:\Users\achum\OneDrive\Deskt
op\ZecurX Works\referral updates\zecurx-web\s
rc\components\landing\Footer.tsx[0m:26:1]
 [2m23[0m |                                
     src="https://zecurx-web.fsn1.your-object
storage.com/images/zecurx-logo.png"
 [2m24[0m | =======
 [2m25[0m |                                
     src={CDN_ASSETS.brand.logo}
 [2m26[0m | >>>>>>> 
51111f6bbf13a89112a629e3b99d5e8ed330bdff
    : [35;1m^^^^^^^[0m
 [2m27[0m |                                
     alt="ZecurX"
 [2m28[0m |                                
     fill
 [2m28[0m |                                
     className="object-contain"
    `----

Caused by:
    Syntax Error

Import trace for requested module:
./src/components/landing/Footer.tsx
./src/app/book-demo/BookDemoClient.tsx

./src/app/admin/(dashboard)/AdminSidebar.tsx
Error:   [31mx[0m Merge conflict marker 
encountered.
     ,-[[36;1;4mC:\Users\achum\OneDrive\Desk
top\ZecurX Works\referral updates\zecurx-web\
src\app\admin\(dashboard)\AdminSidebar.tsx[0
m:128:1]
 [2m125[0m |                 >
 [2m126[0m |                     <div 
className="relative w-8 h-8 
transition-transform group-hover:scale-105 
duration-300">
 [2m127[0m |                         <Image
 [2m128[0m | <<<<<<< HEAD
     : [35;1m^^^^^^^[0m
 [2m129[0m |                             sr
c="https://zecurx-web.fsn1.your-objectstorage
.com/images/zecurx-logo.png"
 [2m130[0m | =======
 [2m130[0m |                             
src={CDN_ASSETS.brand.logo}
     `----
  [31mx[0m Merge conflict marker 
encountered.
     ,-[[36;1;4mC:\Users\achum\OneDrive\Desk
top\ZecurX Works\referral updates\zecurx-web\
src\app\admin\(dashboard)\AdminSidebar.tsx[0
m:130:1]
 [2m127[0m |                         <Image
 [2m128[0m | <<<<<<< HEAD
 [2m129[0m |                             sr
c="https://zecurx-web.fsn1.your-objectstorage
.com/images/zecurx-logo.png"
 [2m130[0m | =======
     : [35;1m^^^^^^^[0m
 [2m131[0m |                             
src={CDN_ASSETS.brand.logo}
 [2m132[0m | >>>>>>> 
51111f6bbf13a89112a629e3b99d5e8ed330bdff
 [2m132[0m |                             
alt=""
     `----
  [31mx[0m Merge conflict marker 
encountered.
     ,-[[36;1;4mC:\Users\achum\OneDrive\Desk
top\ZecurX Works\referral updates\zecurx-web\
src\app\admin\(dashboard)\AdminSidebar.tsx[0
m:132:1]
 [2m129[0m |                             sr
c="https://zecurx-web.fsn1.your-objectstorage
.com/images/zecurx-logo.png"
 [2m130[0m | =======
 [2m131[0m |                             
src={CDN_ASSETS.brand.logo}
 [2m132[0m | >>>>>>> 
51111f6bbf13a89112a629e3b99d5e8ed330bdff
     : [35;1m^^^^^^^[0m
 [2m133[0m |                             
alt=""
 [2m134[0m |                             
fill
 [2m134[0m |                             
className="object-contain"
     `----

Caused by:
    Syntax Error

Import trace for requested module:
./src/app/admin/(dashboard)/AdminSidebar.tsx
./src/app/admin/(dashboard)/layout.tsx


> Build failed because of webpack errors
