src/components/diagrams/polished/CicdPipeline.tsx(28,31): error TS2322: Type 'RefObject<HTMLDivElement | null>' is not assignable to type 'RefObject<HTMLElement>'.
  Type 'HTMLDivElement | null' is not assignable to type 'HTMLElement'.
    Type 'null' is not assignable to type 'HTMLElement'.
src/components/diagrams/polished/CicdPipeline.tsx(28,59): error TS2322: Type 'RefObject<HTMLDivElement | null>' is not assignable to type 'RefObject<HTMLElement>'.
  Type 'HTMLDivElement | null' is not assignable to type 'HTMLElement'.
    Type 'null' is not assignable to type 'HTMLElement'.
src/components/diagrams/polished/CicdPipeline.tsx(28,78): error TS2322: Type 'RefObject<HTMLDivElement | null>' is not assignable to type 'RefObject<HTMLElement>'.
  Type 'HTMLDivElement | null' is not assignable to type 'HTMLElement'.
    Type 'null' is not assignable to type 'HTMLElement'.
src/components/diagrams/polished/CicdPipeline.tsx(29,31): error TS2322: Type 'RefObject<HTMLDivElement | null>' is not assignable to type 'RefObject<HTMLElement>'.
  Type 'HTMLDivElement | null' is not assignable to type 'HTMLElement'.
    Type 'null' is not assignable to type 'HTMLElement'.
src/components/diagrams/polished/CicdPipeline.tsx(29,59): error TS2322: Type 'RefObject<HTMLDivElement | null>' is not assignable to type 'RefObject<HTMLElement>'.
  Type 'HTMLDivElement | null' is not assignable to type 'HTMLElement'.
    Type 'null' is not assignable to type 'HTMLElement'.
src/components/diagrams/polished/CicdPipeline.tsx(29,78): error TS2322: Type 'RefObject<HTMLDivElement | null>' is not assignable to type 'RefObject<HTMLElement>'.
  Type 'HTMLDivElement | null' is not assignable to type 'HTMLElement'.
    Type 'null' is not assignable to type 'HTMLElement'.
src/components/diagrams/polished/CicdPipeline.tsx(30,31): error TS2322: Type 'RefObject<HTMLDivElement | null>' is not assignable to type 'RefObject<HTMLElement>'.
  Type 'HTMLDivElement | null' is not assignable to type 'HTMLElement'.
    Type 'null' is not assignable to type 'HTMLElement'.
src/components/diagrams/polished/CicdPipeline.tsx(30,59): error TS2322: Type 'RefObject<HTMLDivElement | null>' is not assignable to type 'RefObject<HTMLElement>'.
  Type 'HTMLDivElement | null' is not assignable to type 'HTMLElement'.
    Type 'null' is not assignable to type 'HTMLElement'.
src/components/diagrams/polished/CicdPipeline.tsx(30,78): error TS2322: Type 'RefObject<HTMLDivElement | null>' is not assignable to type 'RefObject<HTMLElement>'.
  Type 'HTMLDivElement | null' is not assignable to type 'HTMLElement'.
    Type 'null' is not assignable to type 'HTMLElement'.
src/components/diagrams/polished/IdentityVerification.tsx(27,31): error TS2322: Type 'RefObject<HTMLDivElement | null>' is not assignable to type 'RefObject<HTMLElement>'.
  Type 'HTMLDivElement | null' is not assignable to type 'HTMLElement'.
    Type 'null' is not assignable to type 'HTMLElement'.
src/components/diagrams/polished/IdentityVerification.tsx(27,59): error TS2322: Type 'RefObject<HTMLDivElement | null>' is not assignable to type 'RefObject<HTMLElement>'.
  Type 'HTMLDivElement | null' is not assignable to type 'HTMLElement'.
    Type 'null' is not assignable to type 'HTMLElement'.
src/components/diagrams/polished/IdentityVerification.tsx(27,77): error TS2322: Type 'RefObject<HTMLDivElement | null>' is not assignable to type 'RefObject<HTMLElement>'.
  Type 'HTMLDivElement | null' is not assignable to type 'HTMLElement'.
    Type 'null' is not assignable to type 'HTMLElement'.
src/components/diagrams/polished/IdentityVerification.tsx(28,31): error TS2322: Type 'RefObject<HTMLDivElement | null>' is not assignable to type 'RefObject<HTMLElement>'.
  Type 'HTMLDivElement | null' is not assignable to type 'HTMLElement'.
    Type 'null' is not assignable to type 'HTMLElement'.
src/components/diagrams/polished/IdentityVerification.tsx(28,59): error TS2322: Type 'RefObject<HTMLDivElement | null>' is not assignable to type 'RefObject<HTMLElement>'.
  Type 'HTMLDivElement | null' is not assignable to type 'HTMLElement'.
    Type 'null' is not assignable to type 'HTMLElement'.
src/components/diagrams/polished/IdentityVerification.tsx(28,76): error TS2322: Type 'RefObject<HTMLDivElement | null>' is not assignable to type 'RefObject<HTMLElement>'.
  Type 'HTMLDivElement | null' is not assignable to type 'HTMLElement'.
    Type 'null' is not assignable to type 'HTMLElement'.
src/components/diagrams/polished/IdentityVerification.tsx(29,31): error TS2322: Type 'RefObject<HTMLDivElement | null>' is not assignable to type 'RefObject<HTMLElement>'.
  Type 'HTMLDivElement | null' is not assignable to type 'HTMLElement'.
    Type 'null' is not assignable to type 'HTMLElement'.
src/components/diagrams/polished/IdentityVerification.tsx(29,59): error TS2322: Type 'RefObject<HTMLDivElement | null>' is not assignable to type 'RefObject<HTMLElement>'.
  Type 'HTMLDivElement | null' is not assignable to type 'HTMLElement'.
    Type 'null' is not assignable to type 'HTMLElement'.
src/components/diagrams/polished/IdentityVerification.tsx(29,79): error TS2322: Type 'RefObject<HTMLDivElement | null>' is not assignable to type 'RefObject<HTMLElement>'.
  Type 'HTMLDivElement | null' is not assignable to type 'HTMLElement'.
    Type 'null' is not assignable to type 'HTMLElement'.
src/components/diagrams/polished/IdentityVerification.tsx(42,67): error TS2769: No overload matches this call.
  The last overload gave the following error.
    Object literal may only specify known properties, and 'size' does not exist in type 'Partial<unknown> & Attributes'.
src/components/diagrams/polished/ThreatMesh.tsx(34,31): error TS2322: Type 'RefObject<HTMLDivElement | null>' is not assignable to type 'RefObject<HTMLElement>'.
  Type 'HTMLDivElement | null' is not assignable to type 'HTMLElement'.
    Type 'null' is not assignable to type 'HTMLElement'.
src/components/diagrams/polished/ThreatMesh.tsx(34,59): error TS2322: Type 'RefObject<HTMLDivElement | null>' is not assignable to type 'RefObject<HTMLElement>'.
  Type 'HTMLDivElement | null' is not assignable to type 'HTMLElement'.
    Type 'null' is not assignable to type 'HTMLElement'.
src/components/diagrams/polished/ThreatMesh.tsx(34,79): error TS2322: Type 'RefObject<HTMLDivElement | null>' is not assignable to type 'RefObject<HTMLElement>'.
  Type 'HTMLDivElement | null' is not assignable to type 'HTMLElement'.
    Type 'null' is not assignable to type 'HTMLElement'.
src/components/diagrams/polished/ThreatMesh.tsx(35,31): error TS2322: Type 'RefObject<HTMLDivElement | null>' is not assignable to type 'RefObject<HTMLElement>'.
  Type 'HTMLDivElement | null' is not assignable to type 'HTMLElement'.
    Type 'null' is not assignable to type 'HTMLElement'.
src/components/diagrams/polished/ThreatMesh.tsx(35,59): error TS2322: Type 'RefObject<HTMLDivElement | null>' is not assignable to type 'RefObject<HTMLElement>'.
  Type 'HTMLDivElement | null' is not assignable to type 'HTMLElement'.
    Type 'null' is not assignable to type 'HTMLElement'.
src/components/diagrams/polished/ThreatMesh.tsx(35,79): error TS2322: Type 'RefObject<HTMLDivElement | null>' is not assignable to type 'RefObject<HTMLElement>'.
  Type 'HTMLDivElement | null' is not assignable to type 'HTMLElement'.
    Type 'null' is not assignable to type 'HTMLElement'.
src/components/diagrams/polished/ThreatMesh.tsx(36,31): error TS2322: Type 'RefObject<HTMLDivElement | null>' is not assignable to type 'RefObject<HTMLElement>'.
  Type 'HTMLDivElement | null' is not assignable to type 'HTMLElement'.
    Type 'null' is not assignable to type 'HTMLElement'.
src/components/diagrams/polished/ThreatMesh.tsx(36,59): error TS2322: Type 'RefObject<HTMLDivElement | null>' is not assignable to type 'RefObject<HTMLElement>'.
  Type 'HTMLDivElement | null' is not assignable to type 'HTMLElement'.
    Type 'null' is not assignable to type 'HTMLElement'.
src/components/diagrams/polished/ThreatMesh.tsx(36,79): error TS2322: Type 'RefObject<HTMLDivElement | null>' is not assignable to type 'RefObject<HTMLElement>'.
  Type 'HTMLDivElement | null' is not assignable to type 'HTMLElement'.
    Type 'null' is not assignable to type 'HTMLElement'.
src/components/diagrams/polished/ThreatMesh.tsx(37,31): error TS2322: Type 'RefObject<HTMLDivElement | null>' is not assignable to type 'RefObject<HTMLElement>'.
  Type 'HTMLDivElement | null' is not assignable to type 'HTMLElement'.
    Type 'null' is not assignable to type 'HTMLElement'.
src/components/diagrams/polished/ThreatMesh.tsx(37,59): error TS2322: Type 'RefObject<HTMLDivElement | null>' is not assignable to type 'RefObject<HTMLElement>'.
  Type 'HTMLDivElement | null' is not assignable to type 'HTMLElement'.
    Type 'null' is not assignable to type 'HTMLElement'.
src/components/diagrams/polished/ThreatMesh.tsx(37,79): error TS2322: Type 'RefObject<HTMLDivElement | null>' is not assignable to type 'RefObject<HTMLElement>'.
  Type 'HTMLDivElement | null' is not assignable to type 'HTMLElement'.
    Type 'null' is not assignable to type 'HTMLElement'.
